Archive member included because of file (symbol)

C:/Program Files (x86)/Freescale/CW MCU v11.1/MCU/ARM_GCC_Support/ewl/lib/armv6-m\libc.a(exit.o)
                              ./Project_Settings/Startup_Code/__arm_start.o (exit)
C:/Program Files (x86)/Freescale/CW MCU v11.1/MCU/ARM_GCC_Support/ewl/lib/armv6-m\libc.a(memset.o)
                              ./Project_Settings/Startup_Code/__arm_start.o (memset)
C:/Program Files (x86)/Freescale/CW MCU v11.1/MCU/ARM_GCC_Support/ewl/lib/armv6-m\libc.a(__filll_mem.o)
                              C:/Program Files (x86)/Freescale/CW MCU v11.1/MCU/ARM_GCC_Support/ewl/lib/armv6-m\libc.a(memset.o) (__fill_mem)
C:/Program Files (x86)/Freescale/CW MCU v11.1/MCU/ARM_GCC_Support/ewl/lib/armv6-m\libc.a(printformat_.o)
                              (__pformatter_)
C:/Program Files (x86)/Freescale/CW MCU v11.1/MCU/ARM_GCC_Support/ewl/lib/armv6-m\libc.a(scanformat_.o)
                              (__sformatter)
C:/Program Files (x86)/Freescale/CW MCU v11.1/MCU/ARM_GCC_Support/ewl/lib/armv6-m\libc.a(ctype_aeabi.o)
                              C:/Program Files (x86)/Freescale/CW MCU v11.1/MCU/ARM_GCC_Support/ewl/lib/armv6-m\libc.a(scanformat_.o) (isspace)
C:/Program Files (x86)/Freescale/CW MCU v11.1/MCU/ARM_GCC_Support/ewl/lib/armv6-m\libc.a(__strtoul.o)
                              C:/Program Files (x86)/Freescale/CW MCU v11.1/MCU/ARM_GCC_Support/ewl/lib/armv6-m\libc.a(scanformat_.o) (__strtoul)
C:/Program Files (x86)/Freescale/CW MCU v11.1/MCU/ARM_GCC_Support/ewl/lib/armv6-m\libc.a(strchr.o)
                              C:/Program Files (x86)/Freescale/CW MCU v11.1/MCU/ARM_GCC_Support/ewl/lib/armv6-m\libc.a(printformat_.o) (strchr)
C:/Program Files (x86)/Freescale/CW MCU v11.1/MCU/ARM_GCC_Support/ewl/lib/armv6-m\libc.a(memcpy.o)
                              C:/Program Files (x86)/Freescale/CW MCU v11.1/MCU/ARM_GCC_Support/ewl/lib/armv6-m\libc.a(scanformat_.o) (memcpy)
C:/Program Files (x86)/Freescale/CW MCU v11.1/MCU/ARM_GCC_Support/ewl/lib/armv6-m\libc.a(strlen.o)
                              C:/Program Files (x86)/Freescale/CW MCU v11.1/MCU/ARM_GCC_Support/ewl/lib/armv6-m\libc.a(printformat_.o) (strlen)
C:/Program Files (x86)/Freescale/CW MCU v11.1/MCU/ARM_GCC_Support/ewl/lib/armv6-m\libc.a(memchr.o)
                              C:/Program Files (x86)/Freescale/CW MCU v11.1/MCU/ARM_GCC_Support/ewl/lib/armv6-m\libc.a(printformat_.o) (memchr)
c:/program files (x86)/freescale/cw mcu v11.1/cross_tools/arm-none-eabi-gcc-4_7_3/bin/../lib/gcc/arm-none-eabi/4.7.3/armv6-m\libgcc.a(_thumb1_case_sqi.o)
                              C:/Program Files (x86)/Freescale/CW MCU v11.1/MCU/ARM_GCC_Support/ewl/lib/armv6-m\libc.a(__strtoul.o) (__gnu_thumb1_case_sqi)
c:/program files (x86)/freescale/cw mcu v11.1/cross_tools/arm-none-eabi-gcc-4_7_3/bin/../lib/gcc/arm-none-eabi/4.7.3/armv6-m\libgcc.a(_thumb1_case_uqi.o)
                              C:/Program Files (x86)/Freescale/CW MCU v11.1/MCU/ARM_GCC_Support/ewl/lib/armv6-m\libc.a(scanformat_.o) (__gnu_thumb1_case_uqi)
c:/program files (x86)/freescale/cw mcu v11.1/cross_tools/arm-none-eabi-gcc-4_7_3/bin/../lib/gcc/arm-none-eabi/4.7.3/armv6-m\libgcc.a(_udivsi3.o)
                              C:/Program Files (x86)/Freescale/CW MCU v11.1/MCU/ARM_GCC_Support/ewl/lib/armv6-m\libc.a(printformat_.o) (__aeabi_uidiv)
c:/program files (x86)/freescale/cw mcu v11.1/cross_tools/arm-none-eabi-gcc-4_7_3/bin/../lib/gcc/arm-none-eabi/4.7.3/armv6-m\libgcc.a(_dvmd_tls.o)
                              c:/program files (x86)/freescale/cw mcu v11.1/cross_tools/arm-none-eabi-gcc-4_7_3/bin/../lib/gcc/arm-none-eabi/4.7.3/armv6-m\libgcc.a(_udivsi3.o) (__aeabi_idiv0)
C:/Program Files (x86)/Freescale/CW MCU v11.1/MCU/ARM_GCC_Support/ewl/lib/armv6-m\librt.a(gcc_ctor_dtor.o)
                              ./Project_Settings/Startup_Code/__arm_start.o (__init_cpp)
C:/Program Files (x86)/Freescale/CW MCU v11.1/MCU/ARM_GCC_Support/ewl/lib/armv6-m\librt.a(__arm_eabi_init.o)
                              C:/Program Files (x86)/Freescale/CW MCU v11.1/MCU/ARM_GCC_Support/ewl/lib/armv6-m\libc.a(exit.o) (__destroy_global_chain)
C:/Program Files (x86)/Freescale/CW MCU v11.1/MCU/ARM_GCC_Support/ewl/lib/armv6-m\librt.a(ROMCopy.o)
                              ./Project_Settings/Startup_Code/__arm_start.o (__copy_rom_sections_to_ram)

Discarded input sections

 .text          0x00000000        0x0 ./Project_Settings/Startup_Code/kinetis_sysinit.o
 .data          0x00000000        0x0 ./Project_Settings/Startup_Code/kinetis_sysinit.o
 .bss           0x00000000        0x0 ./Project_Settings/Startup_Code/kinetis_sysinit.o
 .text          0x00000000        0x0 ./Project_Settings/Startup_Code/__arm_start.o
 .data          0x00000000        0x0 ./Project_Settings/Startup_Code/__arm_start.o
 .bss           0x00000000        0x0 ./Project_Settings/Startup_Code/__arm_start.o
 .text.__iar_program_start
                0x00000000        0x4 ./Project_Settings/Startup_Code/__arm_start.o
 .text          0x00000000        0x0 ./Project_Settings/Startup_Code/__arm_end.o
 .data          0x00000000        0x0 ./Project_Settings/Startup_Code/__arm_end.o
 .bss           0x00000000        0x0 ./Project_Settings/Startup_Code/__arm_end.o
 .text          0x00000000        0x0 ./Sources/sa_mtb.o
 .data          0x00000000        0x0 ./Sources/sa_mtb.o
 .bss           0x00000000        0x0 ./Sources/sa_mtb.o
 .debug_info    0x00000000       0x21 ./Sources/sa_mtb.o
 .debug_abbrev  0x00000000       0x12 ./Sources/sa_mtb.o
 .debug_aranges
                0x00000000       0x18 ./Sources/sa_mtb.o
 .debug_macinfo
                0x00000000     0x24d8 ./Sources/sa_mtb.o
 .debug_line    0x00000000       0xbe ./Sources/sa_mtb.o
 .debug_str     0x00000000       0x8f ./Sources/sa_mtb.o
 .comment       0x00000000       0x7a ./Sources/sa_mtb.o
 .ARM.attributes
                0x00000000       0x31 ./Sources/sa_mtb.o
 .text          0x00000000        0x0 ./Sources/main.o
 .data          0x00000000        0x0 ./Sources/main.o
 .bss           0x00000000        0x0 ./Sources/main.o
 .text          0x00000000        0x0 ./Sources/led_module_lib.o
 .data          0x00000000        0x0 ./Sources/led_module_lib.o
 .bss           0x00000000        0x0 ./Sources/led_module_lib.o
 .text.turnOff  0x00000000       0x10 ./Sources/led_module_lib.o
 .text.refresh  0x00000000       0x10 ./Sources/led_module_lib.o
 .text          0x00000000        0x0 C:/Program Files (x86)/Freescale/CW MCU v11.1/MCU/ARM_GCC_Support/ewl/lib/armv6-m\libc.a(exit.o)
 .data          0x00000000        0x0 C:/Program Files (x86)/Freescale/CW MCU v11.1/MCU/ARM_GCC_Support/ewl/lib/armv6-m\libc.a(exit.o)
 .bss           0x00000000        0x0 C:/Program Files (x86)/Freescale/CW MCU v11.1/MCU/ARM_GCC_Support/ewl/lib/armv6-m\libc.a(exit.o)
 .text          0x00000000        0x0 C:/Program Files (x86)/Freescale/CW MCU v11.1/MCU/ARM_GCC_Support/ewl/lib/armv6-m\libc.a(memset.o)
 .data          0x00000000        0x0 C:/Program Files (x86)/Freescale/CW MCU v11.1/MCU/ARM_GCC_Support/ewl/lib/armv6-m\libc.a(memset.o)
 .bss           0x00000000        0x0 C:/Program Files (x86)/Freescale/CW MCU v11.1/MCU/ARM_GCC_Support/ewl/lib/armv6-m\libc.a(memset.o)
 .text          0x00000000        0x0 C:/Program Files (x86)/Freescale/CW MCU v11.1/MCU/ARM_GCC_Support/ewl/lib/armv6-m\libc.a(__filll_mem.o)
 .data          0x00000000        0x0 C:/Program Files (x86)/Freescale/CW MCU v11.1/MCU/ARM_GCC_Support/ewl/lib/armv6-m\libc.a(__filll_mem.o)
 .bss           0x00000000        0x0 C:/Program Files (x86)/Freescale/CW MCU v11.1/MCU/ARM_GCC_Support/ewl/lib/armv6-m\libc.a(__filll_mem.o)
 .text          0x00000000        0x0 C:/Program Files (x86)/Freescale/CW MCU v11.1/MCU/ARM_GCC_Support/ewl/lib/armv6-m\libc.a(printformat_.o)
 .data          0x00000000        0x0 C:/Program Files (x86)/Freescale/CW MCU v11.1/MCU/ARM_GCC_Support/ewl/lib/armv6-m\libc.a(printformat_.o)
 .bss           0x00000000        0x0 C:/Program Files (x86)/Freescale/CW MCU v11.1/MCU/ARM_GCC_Support/ewl/lib/armv6-m\libc.a(printformat_.o)
 .text          0x00000000        0x0 C:/Program Files (x86)/Freescale/CW MCU v11.1/MCU/ARM_GCC_Support/ewl/lib/armv6-m\libc.a(scanformat_.o)
 .data          0x00000000        0x0 C:/Program Files (x86)/Freescale/CW MCU v11.1/MCU/ARM_GCC_Support/ewl/lib/armv6-m\libc.a(scanformat_.o)
 .bss           0x00000000        0x0 C:/Program Files (x86)/Freescale/CW MCU v11.1/MCU/ARM_GCC_Support/ewl/lib/armv6-m\libc.a(scanformat_.o)
 .text          0x00000000        0x0 C:/Program Files (x86)/Freescale/CW MCU v11.1/MCU/ARM_GCC_Support/ewl/lib/armv6-m\libc.a(ctype_aeabi.o)
 .data          0x00000000        0x0 C:/Program Files (x86)/Freescale/CW MCU v11.1/MCU/ARM_GCC_Support/ewl/lib/armv6-m\libc.a(ctype_aeabi.o)
 .bss           0x00000000        0x0 C:/Program Files (x86)/Freescale/CW MCU v11.1/MCU/ARM_GCC_Support/ewl/lib/armv6-m\libc.a(ctype_aeabi.o)
 .text.isalnum  0x00000000       0x1c C:/Program Files (x86)/Freescale/CW MCU v11.1/MCU/ARM_GCC_Support/ewl/lib/armv6-m\libc.a(ctype_aeabi.o)
 .text.iscntrl  0x00000000       0x20 C:/Program Files (x86)/Freescale/CW MCU v11.1/MCU/ARM_GCC_Support/ewl/lib/armv6-m\libc.a(ctype_aeabi.o)
 .text.isdigit  0x00000000        0xe C:/Program Files (x86)/Freescale/CW MCU v11.1/MCU/ARM_GCC_Support/ewl/lib/armv6-m\libc.a(ctype_aeabi.o)
 .text.isgraph  0x00000000       0x1c C:/Program Files (x86)/Freescale/CW MCU v11.1/MCU/ARM_GCC_Support/ewl/lib/armv6-m\libc.a(ctype_aeabi.o)
 .text.islower  0x00000000       0x20 C:/Program Files (x86)/Freescale/CW MCU v11.1/MCU/ARM_GCC_Support/ewl/lib/armv6-m\libc.a(ctype_aeabi.o)
 .text.isprint  0x00000000       0x1c C:/Program Files (x86)/Freescale/CW MCU v11.1/MCU/ARM_GCC_Support/ewl/lib/armv6-m\libc.a(ctype_aeabi.o)
 .text.ispunct  0x00000000       0x20 C:/Program Files (x86)/Freescale/CW MCU v11.1/MCU/ARM_GCC_Support/ewl/lib/armv6-m\libc.a(ctype_aeabi.o)
 .text.isupper  0x00000000       0x20 C:/Program Files (x86)/Freescale/CW MCU v11.1/MCU/ARM_GCC_Support/ewl/lib/armv6-m\libc.a(ctype_aeabi.o)
 .text.isxdigit
                0x00000000       0x20 C:/Program Files (x86)/Freescale/CW MCU v11.1/MCU/ARM_GCC_Support/ewl/lib/armv6-m\libc.a(ctype_aeabi.o)
 .text.isblank  0x00000000       0x28 C:/Program Files (x86)/Freescale/CW MCU v11.1/MCU/ARM_GCC_Support/ewl/lib/armv6-m\libc.a(ctype_aeabi.o)
 .text.tolower  0x00000000        0xe C:/Program Files (x86)/Freescale/CW MCU v11.1/MCU/ARM_GCC_Support/ewl/lib/armv6-m\libc.a(ctype_aeabi.o)
 .text          0x00000000        0x0 C:/Program Files (x86)/Freescale/CW MCU v11.1/MCU/ARM_GCC_Support/ewl/lib/armv6-m\libc.a(__strtoul.o)
 .data          0x00000000        0x0 C:/Program Files (x86)/Freescale/CW MCU v11.1/MCU/ARM_GCC_Support/ewl/lib/armv6-m\libc.a(__strtoul.o)
 .bss           0x00000000        0x0 C:/Program Files (x86)/Freescale/CW MCU v11.1/MCU/ARM_GCC_Support/ewl/lib/armv6-m\libc.a(__strtoul.o)
 .text          0x00000000        0x0 C:/Program Files (x86)/Freescale/CW MCU v11.1/MCU/ARM_GCC_Support/ewl/lib/armv6-m\libc.a(strchr.o)
 .data          0x00000000        0x0 C:/Program Files (x86)/Freescale/CW MCU v11.1/MCU/ARM_GCC_Support/ewl/lib/armv6-m\libc.a(strchr.o)
 .bss           0x00000000        0x0 C:/Program Files (x86)/Freescale/CW MCU v11.1/MCU/ARM_GCC_Support/ewl/lib/armv6-m\libc.a(strchr.o)
 .text          0x00000000        0x0 C:/Program Files (x86)/Freescale/CW MCU v11.1/MCU/ARM_GCC_Support/ewl/lib/armv6-m\libc.a(memcpy.o)
 .data          0x00000000        0x0 C:/Program Files (x86)/Freescale/CW MCU v11.1/MCU/ARM_GCC_Support/ewl/lib/armv6-m\libc.a(memcpy.o)
 .bss           0x00000000        0x0 C:/Program Files (x86)/Freescale/CW MCU v11.1/MCU/ARM_GCC_Support/ewl/lib/armv6-m\libc.a(memcpy.o)
 .text          0x00000000        0x0 C:/Program Files (x86)/Freescale/CW MCU v11.1/MCU/ARM_GCC_Support/ewl/lib/armv6-m\libc.a(strlen.o)
 .data          0x00000000        0x0 C:/Program Files (x86)/Freescale/CW MCU v11.1/MCU/ARM_GCC_Support/ewl/lib/armv6-m\libc.a(strlen.o)
 .bss           0x00000000        0x0 C:/Program Files (x86)/Freescale/CW MCU v11.1/MCU/ARM_GCC_Support/ewl/lib/armv6-m\libc.a(strlen.o)
 .text          0x00000000        0x0 C:/Program Files (x86)/Freescale/CW MCU v11.1/MCU/ARM_GCC_Support/ewl/lib/armv6-m\libc.a(memchr.o)
 .data          0x00000000        0x0 C:/Program Files (x86)/Freescale/CW MCU v11.1/MCU/ARM_GCC_Support/ewl/lib/armv6-m\libc.a(memchr.o)
 .bss           0x00000000        0x0 C:/Program Files (x86)/Freescale/CW MCU v11.1/MCU/ARM_GCC_Support/ewl/lib/armv6-m\libc.a(memchr.o)
 .data          0x00000000        0x0 c:/program files (x86)/freescale/cw mcu v11.1/cross_tools/arm-none-eabi-gcc-4_7_3/bin/../lib/gcc/arm-none-eabi/4.7.3/armv6-m\libgcc.a(_thumb1_case_sqi.o)
 .bss           0x00000000        0x0 c:/program files (x86)/freescale/cw mcu v11.1/cross_tools/arm-none-eabi-gcc-4_7_3/bin/../lib/gcc/arm-none-eabi/4.7.3/armv6-m\libgcc.a(_thumb1_case_sqi.o)
 .data          0x00000000        0x0 c:/program files (x86)/freescale/cw mcu v11.1/cross_tools/arm-none-eabi-gcc-4_7_3/bin/../lib/gcc/arm-none-eabi/4.7.3/armv6-m\libgcc.a(_thumb1_case_uqi.o)
 .bss           0x00000000        0x0 c:/program files (x86)/freescale/cw mcu v11.1/cross_tools/arm-none-eabi-gcc-4_7_3/bin/../lib/gcc/arm-none-eabi/4.7.3/armv6-m\libgcc.a(_thumb1_case_uqi.o)
 .data          0x00000000        0x0 c:/program files (x86)/freescale/cw mcu v11.1/cross_tools/arm-none-eabi-gcc-4_7_3/bin/../lib/gcc/arm-none-eabi/4.7.3/armv6-m\libgcc.a(_udivsi3.o)
 .bss           0x00000000        0x0 c:/program files (x86)/freescale/cw mcu v11.1/cross_tools/arm-none-eabi-gcc-4_7_3/bin/../lib/gcc/arm-none-eabi/4.7.3/armv6-m\libgcc.a(_udivsi3.o)
 .data          0x00000000        0x0 c:/program files (x86)/freescale/cw mcu v11.1/cross_tools/arm-none-eabi-gcc-4_7_3/bin/../lib/gcc/arm-none-eabi/4.7.3/armv6-m\libgcc.a(_dvmd_tls.o)
 .bss           0x00000000        0x0 c:/program files (x86)/freescale/cw mcu v11.1/cross_tools/arm-none-eabi-gcc-4_7_3/bin/../lib/gcc/arm-none-eabi/4.7.3/armv6-m\libgcc.a(_dvmd_tls.o)
 .text          0x00000000        0x0 C:/Program Files (x86)/Freescale/CW MCU v11.1/MCU/ARM_GCC_Support/ewl/lib/armv6-m\librt.a(gcc_ctor_dtor.o)
 .data          0x00000000        0x0 C:/Program Files (x86)/Freescale/CW MCU v11.1/MCU/ARM_GCC_Support/ewl/lib/armv6-m\librt.a(gcc_ctor_dtor.o)
 .bss           0x00000000        0x0 C:/Program Files (x86)/Freescale/CW MCU v11.1/MCU/ARM_GCC_Support/ewl/lib/armv6-m\librt.a(gcc_ctor_dtor.o)
 .bss.__dso_handle
                0x00000000        0x4 C:/Program Files (x86)/Freescale/CW MCU v11.1/MCU/ARM_GCC_Support/ewl/lib/armv6-m\librt.a(gcc_ctor_dtor.o)
 .text          0x00000000        0x0 C:/Program Files (x86)/Freescale/CW MCU v11.1/MCU/ARM_GCC_Support/ewl/lib/armv6-m\librt.a(__arm_eabi_init.o)
 .data          0x00000000        0x0 C:/Program Files (x86)/Freescale/CW MCU v11.1/MCU/ARM_GCC_Support/ewl/lib/armv6-m\librt.a(__arm_eabi_init.o)
 .bss           0x00000000        0x0 C:/Program Files (x86)/Freescale/CW MCU v11.1/MCU/ARM_GCC_Support/ewl/lib/armv6-m\librt.a(__arm_eabi_init.o)
 .text.__register_global_object
                0x00000000       0x14 C:/Program Files (x86)/Freescale/CW MCU v11.1/MCU/ARM_GCC_Support/ewl/lib/armv6-m\librt.a(__arm_eabi_init.o)
 .text.__cxa_atexit
                0x00000000       0x38 C:/Program Files (x86)/Freescale/CW MCU v11.1/MCU/ARM_GCC_Support/ewl/lib/armv6-m\librt.a(__arm_eabi_init.o)
 .text.__aeabi_atexit
                0x00000000        0xe C:/Program Files (x86)/Freescale/CW MCU v11.1/MCU/ARM_GCC_Support/ewl/lib/armv6-m\librt.a(__arm_eabi_init.o)
 .text.__register_atexit
                0x00000000        0xc C:/Program Files (x86)/Freescale/CW MCU v11.1/MCU/ARM_GCC_Support/ewl/lib/armv6-m\librt.a(__arm_eabi_init.o)
 .text.__init_hardware
                0x00000000        0x4 C:/Program Files (x86)/Freescale/CW MCU v11.1/MCU/ARM_GCC_Support/ewl/lib/armv6-m\librt.a(__arm_eabi_init.o)
 .bss.atexit_curr_func
                0x00000000        0x4 C:/Program Files (x86)/Freescale/CW MCU v11.1/MCU/ARM_GCC_Support/ewl/lib/armv6-m\librt.a(__arm_eabi_init.o)
 .bss.atexit_funcs
                0x00000000      0x300 C:/Program Files (x86)/Freescale/CW MCU v11.1/MCU/ARM_GCC_Support/ewl/lib/armv6-m\librt.a(__arm_eabi_init.o)
 .text          0x00000000        0x0 C:/Program Files (x86)/Freescale/CW MCU v11.1/MCU/ARM_GCC_Support/ewl/lib/armv6-m\librt.a(ROMCopy.o)
 .data          0x00000000        0x0 C:/Program Files (x86)/Freescale/CW MCU v11.1/MCU/ARM_GCC_Support/ewl/lib/armv6-m\librt.a(ROMCopy.o)
 .bss           0x00000000        0x0 C:/Program Files (x86)/Freescale/CW MCU v11.1/MCU/ARM_GCC_Support/ewl/lib/armv6-m\librt.a(ROMCopy.o)
 .text.__flush_cache
                0x00000000        0x2 C:/Program Files (x86)/Freescale/CW MCU v11.1/MCU/ARM_GCC_Support/ewl/lib/armv6-m\librt.a(ROMCopy.o)

Memory Configuration

Name             Origin             Length             Attributes
m_interrupts     0x00000000         0x000000c0         xr
m_cfmprotrom     0x00000400         0x00000010         xr
m_text           0x00000800         0x0001f800         xr
m_data           0x1ffff000         0x00004000         xrw
*default*        0x00000000         0xffffffff

Linker script and memory map

LOAD ./Project_Settings/Startup_Code/kinetis_sysinit.o
LOAD ./Project_Settings/Startup_Code/__arm_start.o
LOAD ./Project_Settings/Startup_Code/__arm_end.o
LOAD ./Sources/sa_mtb.o
LOAD ./Sources/main.o
LOAD ./Sources/led_module_lib.o
                0x00000cf0                __pformatter = __pformatter_
                [0x00001118]                __sformatter = __sformatter
START GROUP
LOAD C:/Program Files (x86)/Freescale/CW MCU v11.1/MCU/ARM_GCC_Support/ewl/lib/armv6-m\libc.a
LOAD C:/Program Files (x86)/Freescale/CW MCU v11.1/MCU/ARM_GCC_Support/ewl/lib/armv6-m\libm.a
LOAD c:/program files (x86)/freescale/cw mcu v11.1/cross_tools/arm-none-eabi-gcc-4_7_3/bin/../lib/gcc/arm-none-eabi/4.7.3/armv6-m\libgcc.a
LOAD C:/Program Files (x86)/Freescale/CW MCU v11.1/MCU/ARM_GCC_Support/ewl/lib/armv6-m\librt.a
LOAD C:/Program Files (x86)/Freescale/CW MCU v11.1/MCU/ARM_GCC_Support/ewl/lib/armv6-m\libuart.a
END GROUP
                0x20003000                _estack = 0x20003000
                0x20003000                __SP_INIT = _estack
                0x00000400                __heap_size = 0x400
                0x00000400                __stack_size = 0x400

.interrupts     0x00000000       0xc0
                0x00000000                __vector_table = .
                0x00000000                . = ALIGN (0x4)
 *(.vectortable)
 .vectortable   0x00000000       0xc0 ./Project_Settings/Startup_Code/kinetis_sysinit.o
                0x00000000                InterruptVector
                0x000000c0                . = ALIGN (0x4)

.cfmprotect     0x00000400        0x0
                0x00000400                . = ALIGN (0x4)
 *(.cfmconfig)
                0x00000400                . = ALIGN (0x4)

.text           0x00000800     0x148c
                0x00000800                . = ALIGN (0x4)
 *(.text)
 .text          0x00000800       0x14 c:/program files (x86)/freescale/cw mcu v11.1/cross_tools/arm-none-eabi-gcc-4_7_3/bin/../lib/gcc/arm-none-eabi/4.7.3/armv6-m\libgcc.a(_thumb1_case_sqi.o)
                0x00000800                __gnu_thumb1_case_sqi
 .text          0x00000814       0x14 c:/program files (x86)/freescale/cw mcu v11.1/cross_tools/arm-none-eabi-gcc-4_7_3/bin/../lib/gcc/arm-none-eabi/4.7.3/armv6-m\libgcc.a(_thumb1_case_uqi.o)
                0x00000814                __gnu_thumb1_case_uqi
 .text          0x00000828       0x9c c:/program files (x86)/freescale/cw mcu v11.1/cross_tools/arm-none-eabi-gcc-4_7_3/bin/../lib/gcc/arm-none-eabi/4.7.3/armv6-m\libgcc.a(_udivsi3.o)
                0x00000828                __aeabi_uidiv
                0x00000828                __udivsi3
                0x000008b0                __aeabi_uidivmod
 .text          0x000008c4        0x4 c:/program files (x86)/freescale/cw mcu v11.1/cross_tools/arm-none-eabi-gcc-4_7_3/bin/../lib/gcc/arm-none-eabi/4.7.3/armv6-m\libgcc.a(_dvmd_tls.o)
                0x000008c4                __aeabi_idiv0
                0x000008c4                __aeabi_ldiv0
 *(.text*)
 .text.Default_Handler
                0x000008c8        0xc ./Project_Settings/Startup_Code/kinetis_sysinit.o
                0x000008c8                RTC_Alarm_IRQHandler
                0x000008c8                I2C0_IRQHandler
                0x000008c8                HardFault_Handler
                0x000008c8                SysTick_Handler
                0x000008c8                PendSV_Handler
                0x000008c8                NMI_Handler
                0x000008c8                I2C1_IRQHandler
                0x000008c8                UART1_IRQHandler
                0x000008c8                DMA2_IRQHandler
                0x000008c8                TSI0_IRQHandler
                0x000008c8                UART0_IRQHandler
                0x000008c8                ADC0_IRQHandler
                0x000008c8                SPI1_IRQHandler
                0x000008c8                PORTD_IRQHandler
                0x000008c8                LPTimer_IRQHandler
                0x000008c8                FTM1_IRQHandler
                0x000008c8                RTC_Seconds_IRQHandler
                0x000008c8                MCG_IRQHandler
                0x000008c8                UART2_IRQHandler
                0x000008c8                Default_Handler
                0x000008c8                LLW_IRQHandler
                0x000008c8                PIT_IRQHandler
                0x000008c8                SVC_Handler
                0x000008c8                USBOTG_IRQHandler
                0x000008c8                DMA3_IRQHandler
                0x000008c8                DMA0_IRQHandler
                0x000008c8                DAC0_IRQHandler
                0x000008c8                PMC_IRQHandler
                0x000008c8                SPI0_IRQHandler
                0x000008c8                FTM0_IRQHandler
                0x000008c8                PORTA_IRQHandler
                0x000008c8                MCM_IRQHandler
                0x000008c8                FTFL_IRQHandler
                0x000008c8                FTM2_IRQHandler
                0x000008c8                CMP0_IRQHandler
                0x000008c8                DMA1_IRQHandler
 .text.__init_hardware
                0x000008d4       0x2c ./Project_Settings/Startup_Code/kinetis_sysinit.o
                0x000008d4                __init_hardware
 .text.zero_fill_bss
                0x00000900       0x24 ./Project_Settings/Startup_Code/__arm_start.o
 .text.__thumb_startup
                0x00000924       0x30 ./Project_Settings/Startup_Code/__arm_start.o
                0x00000924                __thumb_startup
 .text._ExitProcess
                0x00000954        0xc ./Project_Settings/Startup_Code/__arm_end.o
                0x00000954                _ExitProcess
 .text.main     0x00000960       0x44 ./Sources/main.o
                0x00000960                main
 .text.initPorts
                0x000009a4       0x88 ./Sources/led_module_lib.o
                0x000009a4                initPorts
 .text.setNumber
                0x00000a2c       0x64 ./Sources/led_module_lib.o
                0x00000a2c                setNumber
 .text.exit     0x00000a90       0x38 C:/Program Files (x86)/Freescale/CW MCU v11.1/MCU/ARM_GCC_Support/ewl/lib/armv6-m\libc.a(exit.o)
                0x00000a90                exit
 .text.memset   0x00000ac8        0xc C:/Program Files (x86)/Freescale/CW MCU v11.1/MCU/ARM_GCC_Support/ewl/lib/armv6-m\libc.a(memset.o)
                0x00000ac8                memset
 .text.__fill_mem
                0x00000ad4       0x7e C:/Program Files (x86)/Freescale/CW MCU v11.1/MCU/ARM_GCC_Support/ewl/lib/armv6-m\libc.a(__filll_mem.o)
                0x00000ad4                __fill_mem
 *fill*         0x00000b52        0x2 00
 .text.long2str.isra.0
                0x00000b54      0x19c C:/Program Files (x86)/Freescale/CW MCU v11.1/MCU/ARM_GCC_Support/ewl/lib/armv6-m\libc.a(printformat_.o)
 .text.__pformatter_
                0x00000cf0      0x428 C:/Program Files (x86)/Freescale/CW MCU v11.1/MCU/ARM_GCC_Support/ewl/lib/armv6-m\libc.a(printformat_.o)
                0x00000cf0                __pformatter_
 .text.__sformatter
                0x00001118      0x698 C:/Program Files (x86)/Freescale/CW MCU v11.1/MCU/ARM_GCC_Support/ewl/lib/armv6-m\libc.a(scanformat_.o)
                0x00001118                __sformatter
 .text.isalpha  0x000017b0       0x20 C:/Program Files (x86)/Freescale/CW MCU v11.1/MCU/ARM_GCC_Support/ewl/lib/armv6-m\libc.a(ctype_aeabi.o)
                0x000017b0                isalpha
 .text.isspace  0x000017d0       0x20 C:/Program Files (x86)/Freescale/CW MCU v11.1/MCU/ARM_GCC_Support/ewl/lib/armv6-m\libc.a(ctype_aeabi.o)
                0x000017d0                isspace
 .text.toupper  0x000017f0        0xe C:/Program Files (x86)/Freescale/CW MCU v11.1/MCU/ARM_GCC_Support/ewl/lib/armv6-m\libc.a(ctype_aeabi.o)
                0x000017f0                toupper
 .text.__strtoul
                0x000017fe      0x1ce C:/Program Files (x86)/Freescale/CW MCU v11.1/MCU/ARM_GCC_Support/ewl/lib/armv6-m\libc.a(__strtoul.o)
                0x000017fe                __strtoul
 .text.strchr   0x000019cc       0x1e C:/Program Files (x86)/Freescale/CW MCU v11.1/MCU/ARM_GCC_Support/ewl/lib/armv6-m\libc.a(strchr.o)
                0x000019cc                strchr
 .text.memcpy   0x000019ea       0x12 C:/Program Files (x86)/Freescale/CW MCU v11.1/MCU/ARM_GCC_Support/ewl/lib/armv6-m\libc.a(memcpy.o)
                0x000019ea                memcpy
 .text.strlen   0x000019fc       0x10 C:/Program Files (x86)/Freescale/CW MCU v11.1/MCU/ARM_GCC_Support/ewl/lib/armv6-m\libc.a(strlen.o)
                0x000019fc                strlen
 .text.memchr   0x00001a0c       0x1a C:/Program Files (x86)/Freescale/CW MCU v11.1/MCU/ARM_GCC_Support/ewl/lib/armv6-m\libc.a(memchr.o)
                0x00001a0c                memchr
 *fill*         0x00001a26        0x2 00
 .text.__init_cpp
                0x00001a28       0x48 C:/Program Files (x86)/Freescale/CW MCU v11.1/MCU/ARM_GCC_Support/ewl/lib/armv6-m\librt.a(gcc_ctor_dtor.o)
                0x00001a28                __init_cpp
 .text.__fini_cpp
                0x00001a70       0x34 C:/Program Files (x86)/Freescale/CW MCU v11.1/MCU/ARM_GCC_Support/ewl/lib/armv6-m\librt.a(gcc_ctor_dtor.o)
                0x00001a70                __fini_cpp
 .text.__destroy_global_chain
                0x00001aa4       0x1c C:/Program Files (x86)/Freescale/CW MCU v11.1/MCU/ARM_GCC_Support/ewl/lib/armv6-m\librt.a(__arm_eabi_init.o)
                0x00001aa4                __destroy_global_chain
 .text.__init_registers
                0x00001ac0       0x1c C:/Program Files (x86)/Freescale/CW MCU v11.1/MCU/ARM_GCC_Support/ewl/lib/armv6-m\librt.a(__arm_eabi_init.o)
                0x00001ac0                __init_registers
 .text.__init_user
                0x00001adc        0x4 C:/Program Files (x86)/Freescale/CW MCU v11.1/MCU/ARM_GCC_Support/ewl/lib/armv6-m\librt.a(__arm_eabi_init.o)
                0x00001adc                __init_user
 .text.__copy_rom_section
                0x00001ae0       0x48 C:/Program Files (x86)/Freescale/CW MCU v11.1/MCU/ARM_GCC_Support/ewl/lib/armv6-m\librt.a(ROMCopy.o)
                0x00001ae0                __copy_rom_section
 .text.__copy_rom_sections_to_ram
                0x00001b28       0x34 C:/Program Files (x86)/Freescale/CW MCU v11.1/MCU/ARM_GCC_Support/ewl/lib/armv6-m\librt.a(ROMCopy.o)
                0x00001b28                __copy_rom_sections_to_ram
 *(.rodata)
 .rodata        0x00001b5c       0x24 ./Sources/led_module_lib.o
 *(.rodata*)
 .rodata.str1.1
                0x00001b80        0x1 C:/Program Files (x86)/Freescale/CW MCU v11.1/MCU/ARM_GCC_Support/ewl/lib/armv6-m\libc.a(printformat_.o)
 .rodata.CSWTCH.20
                0x00001b81        0x5 C:/Program Files (x86)/Freescale/CW MCU v11.1/MCU/ARM_GCC_Support/ewl/lib/armv6-m\libc.a(printformat_.o)
 .rodata.CSWTCH.21
                0x00001b86        0x5 C:/Program Files (x86)/Freescale/CW MCU v11.1/MCU/ARM_GCC_Support/ewl/lib/armv6-m\libc.a(printformat_.o)
 .rodata.__aeabi_ctype_table_C
                0x00001b8b      0x101 C:/Program Files (x86)/Freescale/CW MCU v11.1/MCU/ARM_GCC_Support/ewl/lib/armv6-m\libc.a(ctype_aeabi.o)
                0x00001b8b                __aeabi_ctype_table_C
 *(.glue_7)
 .glue_7        0x00000000        0x0 linker stubs
 *(.glue_7t)
 .glue_7t       0x00000000        0x0 linker stubs
 *(.eh_frame)
 *(.init)
 *(.fini)
                0x00001c8c                . = ALIGN (0x4)
                0x00001c8c                _etext = .

.vfp11_veneer   0x00001c8c        0x0
 .vfp11_veneer  0x00000000        0x0 linker stubs

.v4_bx          0x00001c8c        0x0
 .v4_bx         0x00000000        0x0 linker stubs

.iplt           0x00001c8c        0x0
 .iplt          0x00000000        0x0 ./Project_Settings/Startup_Code/kinetis_sysinit.o

.rel.dyn        0x00001c8c        0x0
 .rel.iplt      0x00000000        0x0 ./Project_Settings/Startup_Code/kinetis_sysinit.o

.ARM.extab
 *(.ARM.extab* .gnu.linkonce.armextab.*)

.ARM            0x00001c8c        0x0
                0x00001c8c                __exidx_start = .
 *(.ARM.exidx*)
                0x00001c8c                __exidx_end = .

.ctors          0x00001c8c        0x0
                0x00001c8c                __CTOR_LIST__ = .
 *crtbegin.o(.ctors)
 *(EXCLUDE_FILE(*crtend.o) .ctors)
 *(SORT(.ctors.*))
 *(.ctors)
                0x00001c8c                __CTOR_END__ = .

.dtors          0x00001c8c        0x0
                0x00001c8c                __DTOR_LIST__ = .
 *crtbegin.o(.dtors)
 *(EXCLUDE_FILE(*crtend.o) .dtors)
 *(SORT(.dtors.*))
 *(.dtors)
                0x00001c8c                __DTOR_END__ = .

.preinit_array  0x00001c8c        0x0
                0x00001c8c                PROVIDE (__preinit_array_start, .)
 *(.preinit_array*)
                0x00001c8c                PROVIDE (__preinit_array_end, .)

.init_array     0x00001c8c        0x0
                0x00001c8c                PROVIDE (__init_array_start, .)
 *(SORT(.init_array.*))
 *(.init_array*)
                0x00001c8c                PROVIDE (__init_array_end, .)

.fini_array     0x00001c8c        0x0
                0x00001c8c                PROVIDE (__fini_array_start, .)
 *(SORT(.fini_array.*))
 *(.fini_array*)
                0x00001c8c                PROVIDE (__fini_array_end, .)
                0x00001c8c                ___ROM_AT = .

.mtb            0x1ffff000        0x0
                0x1ffff000                . = ALIGN (0x8)
                0x1ffff000                _mtb_start = .
 *(.mtb_buf)
                0x1ffff000                . = ALIGN (0x8)
                0x1ffff000                _mtb_end = .

.data           0x1ffff000        0x0 load address 0x00001c8c
                0x1ffff000                . = ALIGN (0x4)
                0x1ffff000                _sdata = .
 *(.data)
 *(.data*)
                0x1ffff000                . = ALIGN (0x4)
                0x1ffff000                _edata = .
                0x00000000                ___data_size = (_edata - _sdata)

.igot.plt       0x1ffff000        0x0
 .igot.plt      0x00000000        0x0 ./Project_Settings/Startup_Code/kinetis_sysinit.o
                0x1ffff000                . = ALIGN (0x4)

.bss            0x1ffff000       0x1c
                0x1ffff000                __START_BSS = .
                0x1ffff000                PROVIDE (__bss_start__, __START_BSS)
 *(.bss)
 *(.bss*)
 .bss.argv      0x1ffff000        0x4 ./Project_Settings/Startup_Code/__arm_start.o
 .bss.__stdio_exit
                0x1ffff004        0x4 C:/Program Files (x86)/Freescale/CW MCU v11.1/MCU/ARM_GCC_Support/ewl/lib/armv6-m\libc.a(exit.o)
                0x1ffff004                __stdio_exit
 .bss.__console_exit
                0x1ffff008        0x4 C:/Program Files (x86)/Freescale/CW MCU v11.1/MCU/ARM_GCC_Support/ewl/lib/armv6-m\libc.a(exit.o)
                0x1ffff008                __console_exit
 .bss.__global_destructor_chain
                0x1ffff00c        0x4 C:/Program Files (x86)/Freescale/CW MCU v11.1/MCU/ARM_GCC_Support/ewl/lib/armv6-m\librt.a(__arm_eabi_init.o)
                0x1ffff00c                __global_destructor_chain
 .bss.__S_romp  0x1ffff010        0xc C:/Program Files (x86)/Freescale/CW MCU v11.1/MCU/ARM_GCC_Support/ewl/lib/armv6-m\librt.a(ROMCopy.o)
 *(COMMON)
                0x1ffff01c                . = ALIGN (0x4)
                0x1ffff01c                __END_BSS = .
                0x1ffff01c                PROVIDE (__bss_end__, __END_BSS)
                0x00001c8c                _romp_at = (___ROM_AT + SIZEOF (.data))

.romp           0x1ffff01c       0x18 load address 0x00001c8c
                0x00001c8c                __S_romp = _romp_at
                0x1ffff01c        0x4 LONG 0x1c8c ___ROM_AT
                0x1ffff020        0x4 LONG 0x1ffff000 _sdata
                0x1ffff024        0x4 LONG 0x0 ___data_size
                0x1ffff028        0x4 LONG 0x0
                0x1ffff02c        0x4 LONG 0x0
                0x1ffff030        0x4 LONG 0x0

._user_heap_stack
                0x1ffff034      0x800 load address 0x00001ca4
                0x1ffff034                . = ALIGN (0x4)
                0x1ffff034                PROVIDE (end, .)
                0x1ffff034                PROVIDE (_end, .)
                0x1ffff034                __heap_addr = .
                0x1ffff434                . = (. + __heap_size)
 *fill*         0x1ffff034      0x400 00
                0x1ffff834                . = (. + __stack_size)
 *fill*         0x1ffff434      0x400 00
                0x1ffff834                . = ALIGN (0x4)

.ARM.attributes
                0x00000000       0x31
 *(.ARM.attributes)
 .ARM.attributes
                0x00000000       0x31 ./Project_Settings/Startup_Code/kinetis_sysinit.o
 .ARM.attributes
                0x00000031       0x31 ./Project_Settings/Startup_Code/__arm_start.o
 .ARM.attributes
                0x00000062       0x31 ./Project_Settings/Startup_Code/__arm_end.o
 .ARM.attributes
                0x00000093       0x31 ./Sources/main.o
 .ARM.attributes
                0x000000c4       0x31 ./Sources/led_module_lib.o
 .ARM.attributes
                0x000000f5       0x31 C:/Program Files (x86)/Freescale/CW MCU v11.1/MCU/ARM_GCC_Support/ewl/lib/armv6-m\libc.a(exit.o)
 .ARM.attributes
                0x00000126       0x31 C:/Program Files (x86)/Freescale/CW MCU v11.1/MCU/ARM_GCC_Support/ewl/lib/armv6-m\libc.a(memset.o)
 .ARM.attributes
                0x00000157       0x31 C:/Program Files (x86)/Freescale/CW MCU v11.1/MCU/ARM_GCC_Support/ewl/lib/armv6-m\libc.a(__filll_mem.o)
 .ARM.attributes
                0x00000188       0x31 C:/Program Files (x86)/Freescale/CW MCU v11.1/MCU/ARM_GCC_Support/ewl/lib/armv6-m\libc.a(printformat_.o)
 .ARM.attributes
                0x000001b9       0x31 C:/Program Files (x86)/Freescale/CW MCU v11.1/MCU/ARM_GCC_Support/ewl/lib/armv6-m\libc.a(scanformat_.o)
 .ARM.attributes
                0x000001ea       0x31 C:/Program Files (x86)/Freescale/CW MCU v11.1/MCU/ARM_GCC_Support/ewl/lib/armv6-m\libc.a(ctype_aeabi.o)
 .ARM.attributes
                0x0000021b       0x31 C:/Program Files (x86)/Freescale/CW MCU v11.1/MCU/ARM_GCC_Support/ewl/lib/armv6-m\libc.a(__strtoul.o)
 .ARM.attributes
                0x0000024c       0x31 C:/Program Files (x86)/Freescale/CW MCU v11.1/MCU/ARM_GCC_Support/ewl/lib/armv6-m\libc.a(strchr.o)
 .ARM.attributes
                0x0000027d       0x31 C:/Program Files (x86)/Freescale/CW MCU v11.1/MCU/ARM_GCC_Support/ewl/lib/armv6-m\libc.a(memcpy.o)
 .ARM.attributes
                0x000002ae       0x31 C:/Program Files (x86)/Freescale/CW MCU v11.1/MCU/ARM_GCC_Support/ewl/lib/armv6-m\libc.a(strlen.o)
 .ARM.attributes
                0x000002df       0x31 C:/Program Files (x86)/Freescale/CW MCU v11.1/MCU/ARM_GCC_Support/ewl/lib/armv6-m\libc.a(memchr.o)
 .ARM.attributes
                0x00000310       0x1e c:/program files (x86)/freescale/cw mcu v11.1/cross_tools/arm-none-eabi-gcc-4_7_3/bin/../lib/gcc/arm-none-eabi/4.7.3/armv6-m\libgcc.a(_thumb1_case_sqi.o)
 .ARM.attributes
                0x0000032e       0x1e c:/program files (x86)/freescale/cw mcu v11.1/cross_tools/arm-none-eabi-gcc-4_7_3/bin/../lib/gcc/arm-none-eabi/4.7.3/armv6-m\libgcc.a(_thumb1_case_uqi.o)
 .ARM.attributes
                0x0000034c       0x1e c:/program files (x86)/freescale/cw mcu v11.1/cross_tools/arm-none-eabi-gcc-4_7_3/bin/../lib/gcc/arm-none-eabi/4.7.3/armv6-m\libgcc.a(_udivsi3.o)
 .ARM.attributes
                0x0000036a       0x1e c:/program files (x86)/freescale/cw mcu v11.1/cross_tools/arm-none-eabi-gcc-4_7_3/bin/../lib/gcc/arm-none-eabi/4.7.3/armv6-m\libgcc.a(_dvmd_tls.o)
 .ARM.attributes
                0x00000388       0x31 C:/Program Files (x86)/Freescale/CW MCU v11.1/MCU/ARM_GCC_Support/ewl/lib/armv6-m\librt.a(gcc_ctor_dtor.o)
 .ARM.attributes
                0x000003b9       0x31 C:/Program Files (x86)/Freescale/CW MCU v11.1/MCU/ARM_GCC_Support/ewl/lib/armv6-m\librt.a(__arm_eabi_init.o)
 .ARM.attributes
                0x000003ea       0x31 C:/Program Files (x86)/Freescale/CW MCU v11.1/MCU/ARM_GCC_Support/ewl/lib/armv6-m\librt.a(ROMCopy.o)
OUTPUT(Projecte.elf elf32-littlearm)

.debug_info     0x00000000     0x26f8
 .debug_info    0x00000000      0x447 ./Project_Settings/Startup_Code/kinetis_sysinit.o
 .debug_info    0x00000447      0x12a ./Project_Settings/Startup_Code/__arm_start.o
 .debug_info    0x00000571       0x54 ./Project_Settings/Startup_Code/__arm_end.o
 .debug_info    0x000005c5       0x9c ./Sources/main.o
 .debug_info    0x00000661      0x47f ./Sources/led_module_lib.o
 .debug_info    0x00000ae0       0xe8 C:/Program Files (x86)/Freescale/CW MCU v11.1/MCU/ARM_GCC_Support/ewl/lib/armv6-m\libc.a(exit.o)
 .debug_info    0x00000bc8       0xec C:/Program Files (x86)/Freescale/CW MCU v11.1/MCU/ARM_GCC_Support/ewl/lib/armv6-m\libc.a(memset.o)
 .debug_info    0x00000cb4      0x137 C:/Program Files (x86)/Freescale/CW MCU v11.1/MCU/ARM_GCC_Support/ewl/lib/armv6-m\libc.a(__filll_mem.o)
 .debug_info    0x00000deb      0x50d C:/Program Files (x86)/Freescale/CW MCU v11.1/MCU/ARM_GCC_Support/ewl/lib/armv6-m\libc.a(printformat_.o)
 .debug_info    0x000012f8      0x568 C:/Program Files (x86)/Freescale/CW MCU v11.1/MCU/ARM_GCC_Support/ewl/lib/armv6-m\libc.a(scanformat_.o)
 .debug_info    0x00001860      0x313 C:/Program Files (x86)/Freescale/CW MCU v11.1/MCU/ARM_GCC_Support/ewl/lib/armv6-m\libc.a(ctype_aeabi.o)
 .debug_info    0x00001b73      0x1d6 C:/Program Files (x86)/Freescale/CW MCU v11.1/MCU/ARM_GCC_Support/ewl/lib/armv6-m\libc.a(__strtoul.o)
 .debug_info    0x00001d49      0x10b C:/Program Files (x86)/Freescale/CW MCU v11.1/MCU/ARM_GCC_Support/ewl/lib/armv6-m\libc.a(strchr.o)
 .debug_info    0x00001e54      0x10f C:/Program Files (x86)/Freescale/CW MCU v11.1/MCU/ARM_GCC_Support/ewl/lib/armv6-m\libc.a(memcpy.o)
 .debug_info    0x00001f63       0xea C:/Program Files (x86)/Freescale/CW MCU v11.1/MCU/ARM_GCC_Support/ewl/lib/armv6-m\libc.a(strlen.o)
 .debug_info    0x0000204d      0x121 C:/Program Files (x86)/Freescale/CW MCU v11.1/MCU/ARM_GCC_Support/ewl/lib/armv6-m\libc.a(memchr.o)
 .debug_info    0x0000216e      0x136 C:/Program Files (x86)/Freescale/CW MCU v11.1/MCU/ARM_GCC_Support/ewl/lib/armv6-m\librt.a(gcc_ctor_dtor.o)
 .debug_info    0x000022a4      0x2b9 C:/Program Files (x86)/Freescale/CW MCU v11.1/MCU/ARM_GCC_Support/ewl/lib/armv6-m\librt.a(__arm_eabi_init.o)
 .debug_info    0x0000255d      0x19b C:/Program Files (x86)/Freescale/CW MCU v11.1/MCU/ARM_GCC_Support/ewl/lib/armv6-m\librt.a(ROMCopy.o)

.debug_abbrev   0x00000000      0xf7d
 .debug_abbrev  0x00000000       0xe7 ./Project_Settings/Startup_Code/kinetis_sysinit.o
 .debug_abbrev  0x000000e7       0x92 ./Project_Settings/Startup_Code/__arm_start.o
 .debug_abbrev  0x00000179       0x4c ./Project_Settings/Startup_Code/__arm_end.o
 .debug_abbrev  0x000001c5       0x5d ./Sources/main.o
 .debug_abbrev  0x00000222      0x12d ./Sources/led_module_lib.o
 .debug_abbrev  0x0000034f       0x7a C:/Program Files (x86)/Freescale/CW MCU v11.1/MCU/ARM_GCC_Support/ewl/lib/armv6-m\libc.a(exit.o)
 .debug_abbrev  0x000003c9       0x62 C:/Program Files (x86)/Freescale/CW MCU v11.1/MCU/ARM_GCC_Support/ewl/lib/armv6-m\libc.a(memset.o)
 .debug_abbrev  0x0000042b       0x78 C:/Program Files (x86)/Freescale/CW MCU v11.1/MCU/ARM_GCC_Support/ewl/lib/armv6-m\libc.a(__filll_mem.o)
 .debug_abbrev  0x000004a3      0x200 C:/Program Files (x86)/Freescale/CW MCU v11.1/MCU/ARM_GCC_Support/ewl/lib/armv6-m\libc.a(printformat_.o)
 .debug_abbrev  0x000006a3      0x1f0 C:/Program Files (x86)/Freescale/CW MCU v11.1/MCU/ARM_GCC_Support/ewl/lib/armv6-m\libc.a(scanformat_.o)
 .debug_abbrev  0x00000893       0x9e C:/Program Files (x86)/Freescale/CW MCU v11.1/MCU/ARM_GCC_Support/ewl/lib/armv6-m\libc.a(ctype_aeabi.o)
 .debug_abbrev  0x00000931       0xc2 C:/Program Files (x86)/Freescale/CW MCU v11.1/MCU/ARM_GCC_Support/ewl/lib/armv6-m\libc.a(__strtoul.o)
 .debug_abbrev  0x000009f3       0x7a C:/Program Files (x86)/Freescale/CW MCU v11.1/MCU/ARM_GCC_Support/ewl/lib/armv6-m\libc.a(strchr.o)
 .debug_abbrev  0x00000a6d       0x95 C:/Program Files (x86)/Freescale/CW MCU v11.1/MCU/ARM_GCC_Support/ewl/lib/armv6-m\libc.a(memcpy.o)
 .debug_abbrev  0x00000b02       0x7a C:/Program Files (x86)/Freescale/CW MCU v11.1/MCU/ARM_GCC_Support/ewl/lib/armv6-m\libc.a(strlen.o)
 .debug_abbrev  0x00000b7c       0x95 C:/Program Files (x86)/Freescale/CW MCU v11.1/MCU/ARM_GCC_Support/ewl/lib/armv6-m\libc.a(memchr.o)
 .debug_abbrev  0x00000c11       0x99 C:/Program Files (x86)/Freescale/CW MCU v11.1/MCU/ARM_GCC_Support/ewl/lib/armv6-m\librt.a(gcc_ctor_dtor.o)
 .debug_abbrev  0x00000caa      0x1b3 C:/Program Files (x86)/Freescale/CW MCU v11.1/MCU/ARM_GCC_Support/ewl/lib/armv6-m\librt.a(__arm_eabi_init.o)
 .debug_abbrev  0x00000e5d      0x120 C:/Program Files (x86)/Freescale/CW MCU v11.1/MCU/ARM_GCC_Support/ewl/lib/armv6-m\librt.a(ROMCopy.o)

.debug_loc      0x00000000     0x28bf
 .debug_loc     0x00000000       0x58 ./Project_Settings/Startup_Code/kinetis_sysinit.o
 .debug_loc     0x00000058       0x2c ./Project_Settings/Startup_Code/__arm_start.o
 .debug_loc     0x00000084       0x38 ./Project_Settings/Startup_Code/__arm_end.o
 .debug_loc     0x000000bc       0x38 ./Sources/main.o
 .debug_loc     0x000000f4       0xe0 ./Sources/led_module_lib.o
 .debug_loc     0x000001d4       0x3e C:/Program Files (x86)/Freescale/CW MCU v11.1/MCU/ARM_GCC_Support/ewl/lib/armv6-m\libc.a(exit.o)
 .debug_loc     0x00000212       0x6f C:/Program Files (x86)/Freescale/CW MCU v11.1/MCU/ARM_GCC_Support/ewl/lib/armv6-m\libc.a(memset.o)
 .debug_loc     0x00000281      0x14a C:/Program Files (x86)/Freescale/CW MCU v11.1/MCU/ARM_GCC_Support/ewl/lib/armv6-m\libc.a(__filll_mem.o)
 .debug_loc     0x000003cb     0x104b C:/Program Files (x86)/Freescale/CW MCU v11.1/MCU/ARM_GCC_Support/ewl/lib/armv6-m\libc.a(printformat_.o)
 .debug_loc     0x00001416      0x9d8 C:/Program Files (x86)/Freescale/CW MCU v11.1/MCU/ARM_GCC_Support/ewl/lib/armv6-m\libc.a(scanformat_.o)
 .debug_loc     0x00001dee      0x30d C:/Program Files (x86)/Freescale/CW MCU v11.1/MCU/ARM_GCC_Support/ewl/lib/armv6-m\libc.a(ctype_aeabi.o)
 .debug_loc     0x000020fb      0x305 C:/Program Files (x86)/Freescale/CW MCU v11.1/MCU/ARM_GCC_Support/ewl/lib/armv6-m\libc.a(__strtoul.o)
 .debug_loc     0x00002400       0xaf C:/Program Files (x86)/Freescale/CW MCU v11.1/MCU/ARM_GCC_Support/ewl/lib/armv6-m\libc.a(strchr.o)
 .debug_loc     0x000024af       0x59 C:/Program Files (x86)/Freescale/CW MCU v11.1/MCU/ARM_GCC_Support/ewl/lib/armv6-m\libc.a(memcpy.o)
 .debug_loc     0x00002508       0x33 C:/Program Files (x86)/Freescale/CW MCU v11.1/MCU/ARM_GCC_Support/ewl/lib/armv6-m\libc.a(strlen.o)
 .debug_loc     0x0000253b       0x77 C:/Program Files (x86)/Freescale/CW MCU v11.1/MCU/ARM_GCC_Support/ewl/lib/armv6-m\libc.a(memchr.o)
 .debug_loc     0x000025b2       0x9d C:/Program Files (x86)/Freescale/CW MCU v11.1/MCU/ARM_GCC_Support/ewl/lib/armv6-m\librt.a(gcc_ctor_dtor.o)
 .debug_loc     0x0000264f      0x197 C:/Program Files (x86)/Freescale/CW MCU v11.1/MCU/ARM_GCC_Support/ewl/lib/armv6-m\librt.a(__arm_eabi_init.o)
 .debug_loc     0x000027e6       0xd9 C:/Program Files (x86)/Freescale/CW MCU v11.1/MCU/ARM_GCC_Support/ewl/lib/armv6-m\librt.a(ROMCopy.o)

.debug_aranges  0x00000000      0x350
 .debug_aranges
                0x00000000       0x28 ./Project_Settings/Startup_Code/kinetis_sysinit.o
 .debug_aranges
                0x00000028       0x30 ./Project_Settings/Startup_Code/__arm_start.o
 .debug_aranges
                0x00000058       0x20 ./Project_Settings/Startup_Code/__arm_end.o
 .debug_aranges
                0x00000078       0x20 ./Sources/main.o
 .debug_aranges
                0x00000098       0x38 ./Sources/led_module_lib.o
 .debug_aranges
                0x000000d0       0x20 C:/Program Files (x86)/Freescale/CW MCU v11.1/MCU/ARM_GCC_Support/ewl/lib/armv6-m\libc.a(exit.o)
 .debug_aranges
                0x000000f0       0x20 C:/Program Files (x86)/Freescale/CW MCU v11.1/MCU/ARM_GCC_Support/ewl/lib/armv6-m\libc.a(memset.o)
 .debug_aranges
                0x00000110       0x20 C:/Program Files (x86)/Freescale/CW MCU v11.1/MCU/ARM_GCC_Support/ewl/lib/armv6-m\libc.a(__filll_mem.o)
 .debug_aranges
                0x00000130       0x28 C:/Program Files (x86)/Freescale/CW MCU v11.1/MCU/ARM_GCC_Support/ewl/lib/armv6-m\libc.a(printformat_.o)
 .debug_aranges
                0x00000158       0x20 C:/Program Files (x86)/Freescale/CW MCU v11.1/MCU/ARM_GCC_Support/ewl/lib/armv6-m\libc.a(scanformat_.o)
 .debug_aranges
                0x00000178       0x88 C:/Program Files (x86)/Freescale/CW MCU v11.1/MCU/ARM_GCC_Support/ewl/lib/armv6-m\libc.a(ctype_aeabi.o)
 .debug_aranges
                0x00000200       0x20 C:/Program Files (x86)/Freescale/CW MCU v11.1/MCU/ARM_GCC_Support/ewl/lib/armv6-m\libc.a(__strtoul.o)
 .debug_aranges
                0x00000220       0x20 C:/Program Files (x86)/Freescale/CW MCU v11.1/MCU/ARM_GCC_Support/ewl/lib/armv6-m\libc.a(strchr.o)
 .debug_aranges
                0x00000240       0x20 C:/Program Files (x86)/Freescale/CW MCU v11.1/MCU/ARM_GCC_Support/ewl/lib/armv6-m\libc.a(memcpy.o)
 .debug_aranges
                0x00000260       0x20 C:/Program Files (x86)/Freescale/CW MCU v11.1/MCU/ARM_GCC_Support/ewl/lib/armv6-m\libc.a(strlen.o)
 .debug_aranges
                0x00000280       0x20 C:/Program Files (x86)/Freescale/CW MCU v11.1/MCU/ARM_GCC_Support/ewl/lib/armv6-m\libc.a(memchr.o)
 .debug_aranges
                0x000002a0       0x28 C:/Program Files (x86)/Freescale/CW MCU v11.1/MCU/ARM_GCC_Support/ewl/lib/armv6-m\librt.a(gcc_ctor_dtor.o)
 .debug_aranges
                0x000002c8       0x58 C:/Program Files (x86)/Freescale/CW MCU v11.1/MCU/ARM_GCC_Support/ewl/lib/armv6-m\librt.a(__arm_eabi_init.o)
 .debug_aranges
                0x00000320       0x30 C:/Program Files (x86)/Freescale/CW MCU v11.1/MCU/ARM_GCC_Support/ewl/lib/armv6-m\librt.a(ROMCopy.o)

.debug_macinfo  0x00000000    0x7a259
 .debug_macinfo
                0x00000000    0x264f0 ./Project_Settings/Startup_Code/kinetis_sysinit.o
 .debug_macinfo
                0x000264f0     0x3e6d ./Project_Settings/Startup_Code/__arm_start.o
 .debug_macinfo
                0x0002a35d     0x3456 ./Project_Settings/Startup_Code/__arm_end.o
 .debug_macinfo
                0x0002d7b3    0x26553 ./Sources/main.o
 .debug_macinfo
                0x00053d06    0x26553 ./Sources/led_module_lib.o

.debug_line     0x00000000     0x1adb
 .debug_line    0x00000000      0x238 ./Project_Settings/Startup_Code/kinetis_sysinit.o
 .debug_line    0x00000238      0x2bb ./Project_Settings/Startup_Code/__arm_start.o
 .debug_line    0x000004f3      0x2b5 ./Project_Settings/Startup_Code/__arm_end.o
 .debug_line    0x000007a8      0x20c ./Sources/main.o
 .debug_line    0x000009b4      0x24b ./Sources/led_module_lib.o
 .debug_line    0x00000bff       0x8d C:/Program Files (x86)/Freescale/CW MCU v11.1/MCU/ARM_GCC_Support/ewl/lib/armv6-m\libc.a(exit.o)
 .debug_line    0x00000c8c       0x90 C:/Program Files (x86)/Freescale/CW MCU v11.1/MCU/ARM_GCC_Support/ewl/lib/armv6-m\libc.a(memset.o)
 .debug_line    0x00000d1c       0xf6 C:/Program Files (x86)/Freescale/CW MCU v11.1/MCU/ARM_GCC_Support/ewl/lib/armv6-m\libc.a(__filll_mem.o)
 .debug_line    0x00000e12      0x2c3 C:/Program Files (x86)/Freescale/CW MCU v11.1/MCU/ARM_GCC_Support/ewl/lib/armv6-m\libc.a(printformat_.o)
 .debug_line    0x000010d5      0x2be C:/Program Files (x86)/Freescale/CW MCU v11.1/MCU/ARM_GCC_Support/ewl/lib/armv6-m\libc.a(scanformat_.o)
 .debug_line    0x00001393      0x1be C:/Program Files (x86)/Freescale/CW MCU v11.1/MCU/ARM_GCC_Support/ewl/lib/armv6-m\libc.a(ctype_aeabi.o)
 .debug_line    0x00001551      0x11e C:/Program Files (x86)/Freescale/CW MCU v11.1/MCU/ARM_GCC_Support/ewl/lib/armv6-m\libc.a(__strtoul.o)
 .debug_line    0x0000166f       0x7d C:/Program Files (x86)/Freescale/CW MCU v11.1/MCU/ARM_GCC_Support/ewl/lib/armv6-m\libc.a(strchr.o)
 .debug_line    0x000016ec       0x8b C:/Program Files (x86)/Freescale/CW MCU v11.1/MCU/ARM_GCC_Support/ewl/lib/armv6-m\libc.a(memcpy.o)
 .debug_line    0x00001777       0x85 C:/Program Files (x86)/Freescale/CW MCU v11.1/MCU/ARM_GCC_Support/ewl/lib/armv6-m\libc.a(strlen.o)
 .debug_line    0x000017fc       0x9f C:/Program Files (x86)/Freescale/CW MCU v11.1/MCU/ARM_GCC_Support/ewl/lib/armv6-m\libc.a(memchr.o)
 .debug_line    0x0000189b       0x6c C:/Program Files (x86)/Freescale/CW MCU v11.1/MCU/ARM_GCC_Support/ewl/lib/armv6-m\librt.a(gcc_ctor_dtor.o)
 .debug_line    0x00001907      0x117 C:/Program Files (x86)/Freescale/CW MCU v11.1/MCU/ARM_GCC_Support/ewl/lib/armv6-m\librt.a(__arm_eabi_init.o)
 .debug_line    0x00001a1e       0xbd C:/Program Files (x86)/Freescale/CW MCU v11.1/MCU/ARM_GCC_Support/ewl/lib/armv6-m\librt.a(ROMCopy.o)

.debug_str      0x00000000      0xcbf
 .debug_str     0x00000000      0x291 ./Project_Settings/Startup_Code/kinetis_sysinit.o
                                0x2b8 (size before relaxing)
 .debug_str     0x00000291       0x85 ./Project_Settings/Startup_Code/__arm_start.o
                                0x192 (size before relaxing)
 .debug_str     0x00000316       0x41 ./Project_Settings/Startup_Code/__arm_end.o
                                 0xc9 (size before relaxing)
 .debug_str     0x00000357       0x1d ./Sources/main.o
                                0x118 (size before relaxing)
 .debug_str     0x00000374       0xba ./Sources/led_module_lib.o
                                0x2ac (size before relaxing)
 .debug_str     0x0000042e       0x5a C:/Program Files (x86)/Freescale/CW MCU v11.1/MCU/ARM_GCC_Support/ewl/lib/armv6-m\libc.a(exit.o)
                                0x157 (size before relaxing)
 .debug_str     0x00000488       0x23 C:/Program Files (x86)/Freescale/CW MCU v11.1/MCU/ARM_GCC_Support/ewl/lib/armv6-m\libc.a(memset.o)
                                0x140 (size before relaxing)
 .debug_str     0x000004ab       0x2d C:/Program Files (x86)/Freescale/CW MCU v11.1/MCU/ARM_GCC_Support/ewl/lib/armv6-m\libc.a(__filll_mem.o)
                                0x152 (size before relaxing)
 .debug_str     0x000004d8      0x23c C:/Program Files (x86)/Freescale/CW MCU v11.1/MCU/ARM_GCC_Support/ewl/lib/armv6-m\libc.a(printformat_.o)
                                0x3b3 (size before relaxing)
 .debug_str     0x00000714      0x184 C:/Program Files (x86)/Freescale/CW MCU v11.1/MCU/ARM_GCC_Support/ewl/lib/armv6-m\libc.a(scanformat_.o)
                                0x3f9 (size before relaxing)
 .debug_str     0x00000898       0x9d C:/Program Files (x86)/Freescale/CW MCU v11.1/MCU/ARM_GCC_Support/ewl/lib/armv6-m\libc.a(ctype_aeabi.o)
                                0x1bc (size before relaxing)
 .debug_str     0x00000935       0x5b C:/Program Files (x86)/Freescale/CW MCU v11.1/MCU/ARM_GCC_Support/ewl/lib/armv6-m\libc.a(__strtoul.o)
                                0x1fb (size before relaxing)
 .debug_str     0x00000990       0x1c C:/Program Files (x86)/Freescale/CW MCU v11.1/MCU/ARM_GCC_Support/ewl/lib/armv6-m\libc.a(strchr.o)
                                0x137 (size before relaxing)
 .debug_str     0x000009ac       0x1c C:/Program Files (x86)/Freescale/CW MCU v11.1/MCU/ARM_GCC_Support/ewl/lib/armv6-m\libc.a(memcpy.o)
                                0x138 (size before relaxing)
 .debug_str     0x000009c8       0x1c C:/Program Files (x86)/Freescale/CW MCU v11.1/MCU/ARM_GCC_Support/ewl/lib/armv6-m\libc.a(strlen.o)
                                0x140 (size before relaxing)
 .debug_str     0x000009e4       0x1c C:/Program Files (x86)/Freescale/CW MCU v11.1/MCU/ARM_GCC_Support/ewl/lib/armv6-m\libc.a(memchr.o)
                                0x148 (size before relaxing)
 .debug_str     0x00000a00      0x126 C:/Program Files (x86)/Freescale/CW MCU v11.1/MCU/ARM_GCC_Support/ewl/lib/armv6-m\librt.a(gcc_ctor_dtor.o)
                                0x181 (size before relaxing)
 .debug_str     0x00000b26       0xf8 C:/Program Files (x86)/Freescale/CW MCU v11.1/MCU/ARM_GCC_Support/ewl/lib/armv6-m\librt.a(__arm_eabi_init.o)
                                0x1b5 (size before relaxing)
 .debug_str     0x00000c1e       0xa1 C:/Program Files (x86)/Freescale/CW MCU v11.1/MCU/ARM_GCC_Support/ewl/lib/armv6-m\librt.a(ROMCopy.o)
                                0x13c (size before relaxing)

.comment        0x00000000       0x79
 .comment       0x00000000       0x79 ./Project_Settings/Startup_Code/kinetis_sysinit.o
                                 0x7a (size before relaxing)
 .comment       0x00000000       0x7a ./Project_Settings/Startup_Code/__arm_start.o
 .comment       0x00000000       0x7a ./Project_Settings/Startup_Code/__arm_end.o
 .comment       0x00000000       0x7a ./Sources/main.o
 .comment       0x00000000       0x7a ./Sources/led_module_lib.o
 .comment       0x00000000       0x7a C:/Program Files (x86)/Freescale/CW MCU v11.1/MCU/ARM_GCC_Support/ewl/lib/armv6-m\libc.a(exit.o)
 .comment       0x00000000       0x7a C:/Program Files (x86)/Freescale/CW MCU v11.1/MCU/ARM_GCC_Support/ewl/lib/armv6-m\libc.a(memset.o)
 .comment       0x00000000       0x7a C:/Program Files (x86)/Freescale/CW MCU v11.1/MCU/ARM_GCC_Support/ewl/lib/armv6-m\libc.a(__filll_mem.o)
 .comment       0x00000000       0x7a C:/Program Files (x86)/Freescale/CW MCU v11.1/MCU/ARM_GCC_Support/ewl/lib/armv6-m\libc.a(printformat_.o)
 .comment       0x00000000       0x7a C:/Program Files (x86)/Freescale/CW MCU v11.1/MCU/ARM_GCC_Support/ewl/lib/armv6-m\libc.a(scanformat_.o)
 .comment       0x00000000       0x7a C:/Program Files (x86)/Freescale/CW MCU v11.1/MCU/ARM_GCC_Support/ewl/lib/armv6-m\libc.a(ctype_aeabi.o)
 .comment       0x00000000       0x7a C:/Program Files (x86)/Freescale/CW MCU v11.1/MCU/ARM_GCC_Support/ewl/lib/armv6-m\libc.a(__strtoul.o)
 .comment       0x00000000       0x7a C:/Program Files (x86)/Freescale/CW MCU v11.1/MCU/ARM_GCC_Support/ewl/lib/armv6-m\libc.a(strchr.o)
 .comment       0x00000000       0x7a C:/Program Files (x86)/Freescale/CW MCU v11.1/MCU/ARM_GCC_Support/ewl/lib/armv6-m\libc.a(memcpy.o)
 .comment       0x00000000       0x7a C:/Program Files (x86)/Freescale/CW MCU v11.1/MCU/ARM_GCC_Support/ewl/lib/armv6-m\libc.a(strlen.o)
 .comment       0x00000000       0x7a C:/Program Files (x86)/Freescale/CW MCU v11.1/MCU/ARM_GCC_Support/ewl/lib/armv6-m\libc.a(memchr.o)
 .comment       0x00000000       0x7a C:/Program Files (x86)/Freescale/CW MCU v11.1/MCU/ARM_GCC_Support/ewl/lib/armv6-m\librt.a(gcc_ctor_dtor.o)
 .comment       0x00000000       0x7a C:/Program Files (x86)/Freescale/CW MCU v11.1/MCU/ARM_GCC_Support/ewl/lib/armv6-m\librt.a(__arm_eabi_init.o)
 .comment       0x00000000       0x7a C:/Program Files (x86)/Freescale/CW MCU v11.1/MCU/ARM_GCC_Support/ewl/lib/armv6-m\librt.a(ROMCopy.o)

.debug_frame    0x00000000      0x624
 .debug_frame   0x00000000       0x48 ./Project_Settings/Startup_Code/kinetis_sysinit.o
 .debug_frame   0x00000048       0x4c ./Project_Settings/Startup_Code/__arm_start.o
 .debug_frame   0x00000094       0x30 ./Project_Settings/Startup_Code/__arm_end.o
 .debug_frame   0x000000c4       0x30 ./Sources/main.o
 .debug_frame   0x000000f4       0x90 ./Sources/led_module_lib.o
 .debug_frame   0x00000184       0x2c C:/Program Files (x86)/Freescale/CW MCU v11.1/MCU/ARM_GCC_Support/ewl/lib/armv6-m\libc.a(exit.o)
 .debug_frame   0x000001b0       0x28 C:/Program Files (x86)/Freescale/CW MCU v11.1/MCU/ARM_GCC_Support/ewl/lib/armv6-m\libc.a(memset.o)
 .debug_frame   0x000001d8       0x2c C:/Program Files (x86)/Freescale/CW MCU v11.1/MCU/ARM_GCC_Support/ewl/lib/armv6-m\libc.a(__filll_mem.o)
 .debug_frame   0x00000204       0x54 C:/Program Files (x86)/Freescale/CW MCU v11.1/MCU/ARM_GCC_Support/ewl/lib/armv6-m\libc.a(printformat_.o)
 .debug_frame   0x00000258       0x34 C:/Program Files (x86)/Freescale/CW MCU v11.1/MCU/ARM_GCC_Support/ewl/lib/armv6-m\libc.a(scanformat_.o)
 .debug_frame   0x0000028c      0x158 C:/Program Files (x86)/Freescale/CW MCU v11.1/MCU/ARM_GCC_Support/ewl/lib/armv6-m\libc.a(ctype_aeabi.o)
 .debug_frame   0x000003e4       0x30 C:/Program Files (x86)/Freescale/CW MCU v11.1/MCU/ARM_GCC_Support/ewl/lib/armv6-m\libc.a(__strtoul.o)
 .debug_frame   0x00000414       0x28 C:/Program Files (x86)/Freescale/CW MCU v11.1/MCU/ARM_GCC_Support/ewl/lib/armv6-m\libc.a(strchr.o)
 .debug_frame   0x0000043c       0x28 C:/Program Files (x86)/Freescale/CW MCU v11.1/MCU/ARM_GCC_Support/ewl/lib/armv6-m\libc.a(memcpy.o)
 .debug_frame   0x00000464       0x28 C:/Program Files (x86)/Freescale/CW MCU v11.1/MCU/ARM_GCC_Support/ewl/lib/armv6-m\libc.a(strlen.o)
 .debug_frame   0x0000048c       0x28 C:/Program Files (x86)/Freescale/CW MCU v11.1/MCU/ARM_GCC_Support/ewl/lib/armv6-m\libc.a(memchr.o)
 .debug_frame   0x000004b4       0x20 c:/program files (x86)/freescale/cw mcu v11.1/cross_tools/arm-none-eabi-gcc-4_7_3/bin/../lib/gcc/arm-none-eabi/4.7.3/armv6-m\libgcc.a(_udivsi3.o)
 .debug_frame   0x000004d4       0x40 C:/Program Files (x86)/Freescale/CW MCU v11.1/MCU/ARM_GCC_Support/ewl/lib/armv6-m\librt.a(gcc_ctor_dtor.o)
 .debug_frame   0x00000514       0xbc C:/Program Files (x86)/Freescale/CW MCU v11.1/MCU/ARM_GCC_Support/ewl/lib/armv6-m\librt.a(__arm_eabi_init.o)
 .debug_frame   0x000005d0       0x54 C:/Program Files (x86)/Freescale/CW MCU v11.1/MCU/ARM_GCC_Support/ewl/lib/armv6-m\librt.a(ROMCopy.o)
